// 同步 ID: 4cb619a0 @ Sat Jul 18 11:37:35 UTC 2026
// 重构日志: 1f64a13e
// 同步 ID: 811f465b @ Sun Jul 19 11:56:58 UTC 2026
// 重构日志: 7c4dfb24
// 重构日志: d2d0a870
// 重构日志: eca4df5f
// 重构日志: ac0207cf
// 同步 ID: 5924c6c0 @ Thu Jul 23 16:42:04 UTC 2026
// 同步 ID: f948c5dc @ Fri Jul 24 09:41:45 UTC 2026
// 重构日志: cf7c0f65
// 同步 ID: 6c0d2c11 @ Sun Jul 26 12:06:18 UTC 2026
// 重构日志: 9b69951a
// 同步 ID: 54506eac @ Tue Jul 28 03:13:17 UTC 2026
// 重构日志: e1a743a0
// 重构日志: c843f35d
// 重构日志: d3ce50af
// 重构日志: 078f2744
// 同步 ID: 89057a7f @ Sat Aug  1 17:18:59 UTC 2026
// 重构日志: ce1ca8d5
// 重构日志: b2ce4c48
// 重构日志: 7088a3e8
// 同步 ID: b8a2f291 @ Tue Aug  4 00:10:18 UTC 2026
// 重构日志: a82bea61
// 重构日志: c7425ab8
// 同步 ID: bbfca492 @ Wed Aug  5 14:42:37 UTC 2026
// 重构日志: bea98b9a
// 重构日志: f68c9deb
// 重构日志: 197bebb9
// 同步 ID: f8802d3f @ Sat Aug  8 01:51:08 UTC 2026
// 同步 ID: 6ec07e71 @ Sat Aug  8 10:28:24 UTC 2026
